[debug] [2026-09-04T11:13:36.298Z] ----------------------------------------------------------------------
[debug] [2026-09-04T11:13:36.303Z] Command:       C:\Program Files\nodejs\node.exe C:\Users\Administrator\AppData\Roaming\npm\node_modules\firebase-tools\lib\bin\firebase.js deploy --only hosting firestore:rules --project my-shop-699ad
[debug] [2026-09-04T11:13:36.304Z] CLI Version:   15.28.2
[debug] [2026-09-04T11:13:36.305Z] Platform:      win32
[debug] [2026-09-04T11:13:36.305Z] Node Version:  v20.19.6
[debug] [2026-09-04T11:13:36.305Z] Detected Agent: github_copilot_vscode_agent
[debug] [2026-09-04T11:13:36.305Z] Time:          Fri Sep 04 2026 11:13:36 GMT+0000 (Coordinated Universal Time)
[debug] [2026-09-04T11:13:36.306Z] ----------------------------------------------------------------------
[debug] 
[debug] [2026-09-04T11:14:46.021Z] > command requires scopes: ["email","openid","https://www.googleapis.com/auth/cloudplatformprojects.readonly","https://www.googleapis.com/auth/firebase","https://www.googleapis.com/auth/cloud-platform"]
[debug] [2026-09-04T11:14:46.022Z] > authorizing via signed-in user (ssay2553@gmail.com)
[debug] [2026-09-04T11:14:46.022Z] [iam] checking project my-shop-699ad for permissions ["datastore.indexes.create","datastore.indexes.delete","datastore.indexes.list","datastore.indexes.update","firebase.projects.get","firebasehosting.sites.update"]
[debug] [2026-09-04T11:14:46.029Z] Checked if tokens are valid: false, expires at: 1788520068542
[debug] [2026-09-04T11:14:46.030Z] Checked if tokens are valid: false, expires at: 1788520068542
[debug] [2026-09-04T11:14:46.030Z] > refreshing access token with scopes: []
[debug] [2026-09-04T11:14:46.035Z] >>> [apiv2][query] POST https://www.googleapis.com/oauth2/v3/token [none]
[debug] [2026-09-04T11:14:46.035Z] >>> [apiv2][body] POST https://www.googleapis.com/oauth2/v3/token [omitted]
[debug] [2026-09-04T11:14:47.690Z] <<< [apiv2][status] POST https://www.googleapis.com/oauth2/v3/token 200
[debug] [2026-09-04T11:14:47.690Z] <<< [apiv2][body] POST https://www.googleapis.com/oauth2/v3/token [omitted]
[debug] [2026-09-04T11:14:47.724Z] >>> [apiv2][query] POST https://cloudresourcemanager.googleapis.com/v1/projects/my-shop-699ad:testIamPermissions [none]
[debug] [2026-09-04T11:14:47.724Z] >>> [apiv2][(partial)header] POST https://cloudresourcemanager.googleapis.com/v1/projects/my-shop-699ad:testIamPermissions  x-goog-user-project=my-shop-699ad
[debug] [2026-09-04T11:14:47.724Z] >>> [apiv2][body] POST https://cloudresourcemanager.googleapis.com/v1/projects/my-shop-699ad:testIamPermissions {"permissions":["datastore.indexes.create","datastore.indexes.delete","datastore.indexes.list","datastore.indexes.update","firebase.projects.get","firebasehosting.sites.update"]}
